E:\Code_Doctorat_Virtex5\Base_System_Soft\implementation\system.ngc 1517759925
E:/Code_Doctorat_Virtex5/Base_System_Soft/implementation/microblaze_0_wrapper.ngc 1517759826
E:/Code_Doctorat_Virtex5/Base_System_Soft/implementation/mb_plb_wrapper.ngc 1517759732
E:/Code_Doctorat_Virtex5/Base_System_Soft/implementation/ilmb_wrapper.ngc 1517759829
E:/Code_Doctorat_Virtex5/Base_System_Soft/implementation/dlmb_wrapper.ngc 1517759831
E:/Code_Doctorat_Virtex5/Base_System_Soft/implementation/dlmb_cntlr_wrapper.ngc 1517759745
E:/Code_Doctorat_Virtex5/Base_System_Soft/implementation/ilmb_cntlr_wrapper.ngc 1517759750
E:/Code_Doctorat_Virtex5/Base_System_Soft/implementation/lmb_bram_wrapper.ngc 1517759771
E:/Code_Doctorat_Virtex5/Base_System_Soft/implementation/rs232_uart_0_wrapper.ngc 1517759786
E:/Code_Doctorat_Virtex5/Base_System_Soft/implementation/xps_timer_0_wrapper.ngc 1517759800
E:/Code_Doctorat_Virtex5/Base_System_Soft/implementation/clock_generator_0_wrapper.ngc 1517759833
E:/Code_Doctorat_Virtex5/Base_System_Soft/implementation/mdm_0_wrapper.ngc 1517759813
E:/Code_Doctorat_Virtex5/Base_System_Soft/implementation/proc_sys_reset_0_wrapper.ngc 1517759818
OK
